// Jest Snapshot v1, https://goo.gl/fbAQLP

exports[`Me Component should render properly 1`] = `
<DocumentFragment>
  <section
    class="me"
  >
    <div
      class="me__face"
    >
      <a
        href="/"
      >
        <img
          alt="sirlisko face"
          src="https://sirlisko.com/images/sirlisko.svg"
        />
      </a>
    </div>
    <p
      class="me__intro"
    >
      <span>
        Luca Lischetti
      </span>
      <span>
        a.k.a. sirLisko
      </span>
      <span>
        Senior Software Engineer
      </span>
    </p>
  </section>
</DocumentFragment>
`;
